../Core/Src/main.c:79:5:__io_putchar	16	static
../Core/Src/main.c:86:6:Set_DHT11_GPIO_Output	32	static
../Core/Src/main.c:97:6:Set_DHT11_GPIO_Input	32	static
../Core/Src/main.c:107:6:DHT11_Start	8	static
../Core/Src/main.c:119:9:DHT11_Check_Response	16	static
../Core/Src/main.c:139:9:DHT11_Read_Byte	16	static
../Core/Src/main.c:169:6:DHT11_Read_Data	32	static
../Core/Src/main.c:221:5:main	24	static
../Core/Src/main.c:284:6:SystemClock_Config	88	static
../Core/Src/main.c:339:13:MX_TIM2_Init	32	static
../Core/Src/main.c:384:13:MX_USART2_UART_Init	8	static
../Core/Src/main.c:417:13:MX_GPIO_Init	48	static
../Core/Src/main.c:466:6:Error_Handler	4	static,ignoring_inline_asm
